<?xml version="1.0" encoding="utf-8"?><testsuites><testsuite name="pytest" errors="5" failures="0" skipped="0" tests="5" time="0.166" timestamp="2025-08-12T09:53:27.084795+02:00" hostname="Users-iMac"><testcase classname="tests.e2e.test_dashboard_analytics.TestDashboardAnalytics" name="test_trend_visualization_charts" time="0.001"><error message="failed on setup with &quot;file /Users/addzmaestro/coding projects/Claude system/workspace/backend/tests/e2e/test_dashboard_analytics.py, line 14&#10;      @pytest.mark.e2e&#10;      def test_trend_visualization_charts(self, page: Page, auth_page: Page):&#10;file /Users/addzmaestro/coding projects/Claude system/workspace/backend/tests/conftest.py, line 60&#10;  @pytest.fixture(scope=&quot;session&quot;)&#10;  def browser(playwright_instance: Playwright, browser_launch_args: Dict[str, Any]) -&gt; Generator[Browser, None, None]:&#10;file /Users/addzmaestro/coding projects/Claude system/workspace/backend/tests/conftest.py, line 54&#10;  @pytest.fixture(scope=&quot;session&quot;)&#10;  def playwright_instance(playwright: Playwright) -&gt; Generator[Playwright, None, None]:&#10;E       fixture 'playwright' not found&#10;&gt;       available fixtures: _session_event_loop, anyio_backend, anyio_backend_name, anyio_backend_options, api_mock, auth_page, browser, browser_context_args, browser_launch_args, cache, capfd, capfdbinary, caplog, capsys, capsysbinary, context, doctest_namespace, event_loop, event_loop_policy, extra, extras, include_metadata_in_junit_xml, json_metadata, metadata, mobile_page, monkeypatch, page, playwright_instance, pytestconfig, record_property, record_testsuite_property, record_xml_attribute, recwarn, test_data, tests/e2e/test_dashboard_analytics.py::&lt;event_loop&gt;, tests/e2e/test_dashboard_analytics.py::TestDashboardAnalytics::&lt;event_loop&gt;, tmp_path, tmp_path_factory, tmpdir, tmpdir_factory, unused_tcp_port, unused_tcp_port_factory, unused_udp_port, unused_udp_port_factory, wait_helper&#10;&gt;       use 'pytest --fixtures [testpath]' for help on them.&#10;&#10;/Users/addzmaestro/coding projects/Claude system/workspace/backend/tests/conftest.py:54&quot;">file /Users/addzmaestro/coding projects/Claude system/workspace/backend/tests/e2e/test_dashboard_analytics.py, line 14
      @pytest.mark.e2e
      def test_trend_visualization_charts(self, page: Page, auth_page: Page):
file /Users/addzmaestro/coding projects/Claude system/workspace/backend/tests/conftest.py, line 60
  @pytest.fixture(scope="session")
  def browser(playwright_instance: Playwright, browser_launch_args: Dict[str, Any]) -&gt; Generator[Browser, None, None]:
file /Users/addzmaestro/coding projects/Claude system/workspace/backend/tests/conftest.py, line 54
  @pytest.fixture(scope="session")
  def playwright_instance(playwright: Playwright) -&gt; Generator[Playwright, None, None]:
E       fixture 'playwright' not found
&gt;       available fixtures: _session_event_loop, anyio_backend, anyio_backend_name, anyio_backend_options, api_mock, auth_page, browser, browser_context_args, browser_launch_args, cache, capfd, capfdbinary, caplog, capsys, capsysbinary, context, doctest_namespace, event_loop, event_loop_policy, extra, extras, include_metadata_in_junit_xml, json_metadata, metadata, mobile_page, monkeypatch, page, playwright_instance, pytestconfig, record_property, record_testsuite_property, record_xml_attribute, recwarn, test_data, tests/e2e/test_dashboard_analytics.py::&lt;event_loop&gt;, tests/e2e/test_dashboard_analytics.py::TestDashboardAnalytics::&lt;event_loop&gt;, tmp_path, tmp_path_factory, tmpdir, tmpdir_factory, unused_tcp_port, unused_tcp_port_factory, unused_udp_port, unused_udp_port_factory, wait_helper
&gt;       use 'pytest --fixtures [testpath]' for help on them.

/Users/addzmaestro/coding projects/Claude system/workspace/backend/tests/conftest.py:54</error></testcase><testcase classname="tests.e2e.test_dashboard_analytics.TestDashboardAnalytics" name="test_peak_times_heatmap" time="0.000"><error message="failed on setup with &quot;file /Users/addzmaestro/coding projects/Claude system/workspace/backend/tests/e2e/test_dashboard_analytics.py, line 90&#10;      @pytest.mark.e2e&#10;      def test_peak_times_heatmap(self, page: Page, auth_page: Page):&#10;file /Users/addzmaestro/coding projects/Claude system/workspace/backend/tests/conftest.py, line 60&#10;  @pytest.fixture(scope=&quot;session&quot;)&#10;  def browser(playwright_instance: Playwright, browser_launch_args: Dict[str, Any]) -&gt; Generator[Browser, None, None]:&#10;file /Users/addzmaestro/coding projects/Claude system/workspace/backend/tests/conftest.py, line 54&#10;  @pytest.fixture(scope=&quot;session&quot;)&#10;  def playwright_instance(playwright: Playwright) -&gt; Generator[Playwright, None, None]:&#10;E       fixture 'playwright' not found&#10;&gt;       available fixtures: _session_event_loop, anyio_backend, anyio_backend_name, anyio_backend_options, api_mock, auth_page, browser, browser_context_args, browser_launch_args, cache, capfd, capfdbinary, caplog, capsys, capsysbinary, context, doctest_namespace, event_loop, event_loop_policy, extra, extras, include_metadata_in_junit_xml, json_metadata, metadata, mobile_page, monkeypatch, page, playwright_instance, pytestconfig, record_property, record_testsuite_property, record_xml_attribute, recwarn, test_data, tests/e2e/test_dashboard_analytics.py::&lt;event_loop&gt;, tests/e2e/test_dashboard_analytics.py::TestDashboardAnalytics::&lt;event_loop&gt;, tmp_path, tmp_path_factory, tmpdir, tmpdir_factory, unused_tcp_port, unused_tcp_port_factory, unused_udp_port, unused_udp_port_factory, wait_helper&#10;&gt;       use 'pytest --fixtures [testpath]' for help on them.&#10;&#10;/Users/addzmaestro/coding projects/Claude system/workspace/backend/tests/conftest.py:54&quot;">file /Users/addzmaestro/coding projects/Claude system/workspace/backend/tests/e2e/test_dashboard_analytics.py, line 90
      @pytest.mark.e2e
      def test_peak_times_heatmap(self, page: Page, auth_page: Page):
file /Users/addzmaestro/coding projects/Claude system/workspace/backend/tests/conftest.py, line 60
  @pytest.fixture(scope="session")
  def browser(playwright_instance: Playwright, browser_launch_args: Dict[str, Any]) -&gt; Generator[Browser, None, None]:
file /Users/addzmaestro/coding projects/Claude system/workspace/backend/tests/conftest.py, line 54
  @pytest.fixture(scope="session")
  def playwright_instance(playwright: Playwright) -&gt; Generator[Playwright, None, None]:
E       fixture 'playwright' not found
&gt;       available fixtures: _session_event_loop, anyio_backend, anyio_backend_name, anyio_backend_options, api_mock, auth_page, browser, browser_context_args, browser_launch_args, cache, capfd, capfdbinary, caplog, capsys, capsysbinary, context, doctest_namespace, event_loop, event_loop_policy, extra, extras, include_metadata_in_junit_xml, json_metadata, metadata, mobile_page, monkeypatch, page, playwright_instance, pytestconfig, record_property, record_testsuite_property, record_xml_attribute, recwarn, test_data, tests/e2e/test_dashboard_analytics.py::&lt;event_loop&gt;, tests/e2e/test_dashboard_analytics.py::TestDashboardAnalytics::&lt;event_loop&gt;, tmp_path, tmp_path_factory, tmpdir, tmpdir_factory, unused_tcp_port, unused_tcp_port_factory, unused_udp_port, unused_udp_port_factory, wait_helper
&gt;       use 'pytest --fixtures [testpath]' for help on them.

/Users/addzmaestro/coding projects/Claude system/workspace/backend/tests/conftest.py:54</error></testcase><testcase classname="tests.e2e.test_dashboard_analytics.TestDashboardAnalytics" name="test_csv_export_functionality" time="0.000"><error message="failed on setup with &quot;file /Users/addzmaestro/coding projects/Claude system/workspace/backend/tests/e2e/test_dashboard_analytics.py, line 166&#10;      @pytest.mark.e2e&#10;      def test_csv_export_functionality(self, page: Page, auth_page: Page):&#10;file /Users/addzmaestro/coding projects/Claude system/workspace/backend/tests/conftest.py, line 60&#10;  @pytest.fixture(scope=&quot;session&quot;)&#10;  def browser(playwright_instance: Playwright, browser_launch_args: Dict[str, Any]) -&gt; Generator[Browser, None, None]:&#10;file /Users/addzmaestro/coding projects/Claude system/workspace/backend/tests/conftest.py, line 54&#10;  @pytest.fixture(scope=&quot;session&quot;)&#10;  def playwright_instance(playwright: Playwright) -&gt; Generator[Playwright, None, None]:&#10;E       fixture 'playwright' not found&#10;&gt;       available fixtures: _session_event_loop, anyio_backend, anyio_backend_name, anyio_backend_options, api_mock, auth_page, browser, browser_context_args, browser_launch_args, cache, capfd, capfdbinary, caplog, capsys, capsysbinary, context, doctest_namespace, event_loop, event_loop_policy, extra, extras, include_metadata_in_junit_xml, json_metadata, metadata, mobile_page, monkeypatch, page, playwright_instance, pytestconfig, record_property, record_testsuite_property, record_xml_attribute, recwarn, test_data, tests/e2e/test_dashboard_analytics.py::&lt;event_loop&gt;, tests/e2e/test_dashboard_analytics.py::TestDashboardAnalytics::&lt;event_loop&gt;, tmp_path, tmp_path_factory, tmpdir, tmpdir_factory, unused_tcp_port, unused_tcp_port_factory, unused_udp_port, unused_udp_port_factory, wait_helper&#10;&gt;       use 'pytest --fixtures [testpath]' for help on them.&#10;&#10;/Users/addzmaestro/coding projects/Claude system/workspace/backend/tests/conftest.py:54&quot;">file /Users/addzmaestro/coding projects/Claude system/workspace/backend/tests/e2e/test_dashboard_analytics.py, line 166
      @pytest.mark.e2e
      def test_csv_export_functionality(self, page: Page, auth_page: Page):
file /Users/addzmaestro/coding projects/Claude system/workspace/backend/tests/conftest.py, line 60
  @pytest.fixture(scope="session")
  def browser(playwright_instance: Playwright, browser_launch_args: Dict[str, Any]) -&gt; Generator[Browser, None, None]:
file /Users/addzmaestro/coding projects/Claude system/workspace/backend/tests/conftest.py, line 54
  @pytest.fixture(scope="session")
  def playwright_instance(playwright: Playwright) -&gt; Generator[Playwright, None, None]:
E       fixture 'playwright' not found
&gt;       available fixtures: _session_event_loop, anyio_backend, anyio_backend_name, anyio_backend_options, api_mock, auth_page, browser, browser_context_args, browser_launch_args, cache, capfd, capfdbinary, caplog, capsys, capsysbinary, context, doctest_namespace, event_loop, event_loop_policy, extra, extras, include_metadata_in_junit_xml, json_metadata, metadata, mobile_page, monkeypatch, page, playwright_instance, pytestconfig, record_property, record_testsuite_property, record_xml_attribute, recwarn, test_data, tests/e2e/test_dashboard_analytics.py::&lt;event_loop&gt;, tests/e2e/test_dashboard_analytics.py::TestDashboardAnalytics::&lt;event_loop&gt;, tmp_path, tmp_path_factory, tmpdir, tmpdir_factory, unused_tcp_port, unused_tcp_port_factory, unused_udp_port, unused_udp_port_factory, wait_helper
&gt;       use 'pytest --fixtures [testpath]' for help on them.

/Users/addzmaestro/coding projects/Claude system/workspace/backend/tests/conftest.py:54</error></testcase><testcase classname="tests.e2e.test_dashboard_analytics.TestDashboardAnalytics" name="test_real_time_dashboard_updates" time="0.001"><error message="failed on setup with &quot;file /Users/addzmaestro/coding projects/Claude system/workspace/backend/tests/e2e/test_dashboard_analytics.py, line 254&#10;      @pytest.mark.e2e&#10;      def test_real_time_dashboard_updates(self, page: Page, auth_page: Page):&#10;file /Users/addzmaestro/coding projects/Claude system/workspace/backend/tests/conftest.py, line 60&#10;  @pytest.fixture(scope=&quot;session&quot;)&#10;  def browser(playwright_instance: Playwright, browser_launch_args: Dict[str, Any]) -&gt; Generator[Browser, None, None]:&#10;file /Users/addzmaestro/coding projects/Claude system/workspace/backend/tests/conftest.py, line 54&#10;  @pytest.fixture(scope=&quot;session&quot;)&#10;  def playwright_instance(playwright: Playwright) -&gt; Generator[Playwright, None, None]:&#10;E       fixture 'playwright' not found&#10;&gt;       available fixtures: _session_event_loop, anyio_backend, anyio_backend_name, anyio_backend_options, api_mock, auth_page, browser, browser_context_args, browser_launch_args, cache, capfd, capfdbinary, caplog, capsys, capsysbinary, context, doctest_namespace, event_loop, event_loop_policy, extra, extras, include_metadata_in_junit_xml, json_metadata, metadata, mobile_page, monkeypatch, page, playwright_instance, pytestconfig, record_property, record_testsuite_property, record_xml_attribute, recwarn, test_data, tests/e2e/test_dashboard_analytics.py::&lt;event_loop&gt;, tests/e2e/test_dashboard_analytics.py::TestDashboardAnalytics::&lt;event_loop&gt;, tmp_path, tmp_path_factory, tmpdir, tmpdir_factory, unused_tcp_port, unused_tcp_port_factory, unused_udp_port, unused_udp_port_factory, wait_helper&#10;&gt;       use 'pytest --fixtures [testpath]' for help on them.&#10;&#10;/Users/addzmaestro/coding projects/Claude system/workspace/backend/tests/conftest.py:54&quot;">file /Users/addzmaestro/coding projects/Claude system/workspace/backend/tests/e2e/test_dashboard_analytics.py, line 254
      @pytest.mark.e2e
      def test_real_time_dashboard_updates(self, page: Page, auth_page: Page):
file /Users/addzmaestro/coding projects/Claude system/workspace/backend/tests/conftest.py, line 60
  @pytest.fixture(scope="session")
  def browser(playwright_instance: Playwright, browser_launch_args: Dict[str, Any]) -&gt; Generator[Browser, None, None]:
file /Users/addzmaestro/coding projects/Claude system/workspace/backend/tests/conftest.py, line 54
  @pytest.fixture(scope="session")
  def playwright_instance(playwright: Playwright) -&gt; Generator[Playwright, None, None]:
E       fixture 'playwright' not found
&gt;       available fixtures: _session_event_loop, anyio_backend, anyio_backend_name, anyio_backend_options, api_mock, auth_page, browser, browser_context_args, browser_launch_args, cache, capfd, capfdbinary, caplog, capsys, capsysbinary, context, doctest_namespace, event_loop, event_loop_policy, extra, extras, include_metadata_in_junit_xml, json_metadata, metadata, mobile_page, monkeypatch, page, playwright_instance, pytestconfig, record_property, record_testsuite_property, record_xml_attribute, recwarn, test_data, tests/e2e/test_dashboard_analytics.py::&lt;event_loop&gt;, tests/e2e/test_dashboard_analytics.py::TestDashboardAnalytics::&lt;event_loop&gt;, tmp_path, tmp_path_factory, tmpdir, tmpdir_factory, unused_tcp_port, unused_tcp_port_factory, unused_udp_port, unused_udp_port_factory, wait_helper
&gt;       use 'pytest --fixtures [testpath]' for help on them.

/Users/addzmaestro/coding projects/Claude system/workspace/backend/tests/conftest.py:54</error></testcase><testcase classname="tests.e2e.test_dashboard_analytics.TestDashboardAnalytics" name="test_key_metrics_display" time="0.001"><error message="failed on setup with &quot;file /Users/addzmaestro/coding projects/Claude system/workspace/backend/tests/e2e/test_dashboard_analytics.py, line 301&#10;      @pytest.mark.e2e&#10;      def test_key_metrics_display(self, page: Page, auth_page: Page):&#10;file /Users/addzmaestro/coding projects/Claude system/workspace/backend/tests/conftest.py, line 60&#10;  @pytest.fixture(scope=&quot;session&quot;)&#10;  def browser(playwright_instance: Playwright, browser_launch_args: Dict[str, Any]) -&gt; Generator[Browser, None, None]:&#10;file /Users/addzmaestro/coding projects/Claude system/workspace/backend/tests/conftest.py, line 54&#10;  @pytest.fixture(scope=&quot;session&quot;)&#10;  def playwright_instance(playwright: Playwright) -&gt; Generator[Playwright, None, None]:&#10;E       fixture 'playwright' not found&#10;&gt;       available fixtures: _session_event_loop, anyio_backend, anyio_backend_name, anyio_backend_options, api_mock, auth_page, browser, browser_context_args, browser_launch_args, cache, capfd, capfdbinary, caplog, capsys, capsysbinary, context, doctest_namespace, event_loop, event_loop_policy, extra, extras, include_metadata_in_junit_xml, json_metadata, metadata, mobile_page, monkeypatch, page, playwright_instance, pytestconfig, record_property, record_testsuite_property, record_xml_attribute, recwarn, test_data, tests/e2e/test_dashboard_analytics.py::&lt;event_loop&gt;, tests/e2e/test_dashboard_analytics.py::TestDashboardAnalytics::&lt;event_loop&gt;, tmp_path, tmp_path_factory, tmpdir, tmpdir_factory, unused_tcp_port, unused_tcp_port_factory, unused_udp_port, unused_udp_port_factory, wait_helper&#10;&gt;       use 'pytest --fixtures [testpath]' for help on them.&#10;&#10;/Users/addzmaestro/coding projects/Claude system/workspace/backend/tests/conftest.py:54&quot;">file /Users/addzmaestro/coding projects/Claude system/workspace/backend/tests/e2e/test_dashboard_analytics.py, line 301
      @pytest.mark.e2e
      def test_key_metrics_display(self, page: Page, auth_page: Page):
file /Users/addzmaestro/coding projects/Claude system/workspace/backend/tests/conftest.py, line 60
  @pytest.fixture(scope="session")
  def browser(playwright_instance: Playwright, browser_launch_args: Dict[str, Any]) -&gt; Generator[Browser, None, None]:
file /Users/addzmaestro/coding projects/Claude system/workspace/backend/tests/conftest.py, line 54
  @pytest.fixture(scope="session")
  def playwright_instance(playwright: Playwright) -&gt; Generator[Playwright, None, None]:
E       fixture 'playwright' not found
&gt;       available fixtures: _session_event_loop, anyio_backend, anyio_backend_name, anyio_backend_options, api_mock, auth_page, browser, browser_context_args, browser_launch_args, cache, capfd, capfdbinary, caplog, capsys, capsysbinary, context, doctest_namespace, event_loop, event_loop_policy, extra, extras, include_metadata_in_junit_xml, json_metadata, metadata, mobile_page, monkeypatch, page, playwright_instance, pytestconfig, record_property, record_testsuite_property, record_xml_attribute, recwarn, test_data, tests/e2e/test_dashboard_analytics.py::&lt;event_loop&gt;, tests/e2e/test_dashboard_analytics.py::TestDashboardAnalytics::&lt;event_loop&gt;, tmp_path, tmp_path_factory, tmpdir, tmpdir_factory, unused_tcp_port, unused_tcp_port_factory, unused_udp_port, unused_udp_port_factory, wait_helper
&gt;       use 'pytest --fixtures [testpath]' for help on them.

/Users/addzmaestro/coding projects/Claude system/workspace/backend/tests/conftest.py:54</error></testcase></testsuite></testsuites>